2023-08-09 18:45:58,915 INFO 
2023-08-09 18:45:58,915 INFO New log started
2023-08-09 18:45:58,996 INFO 
2023-08-09 18:45:58,996 INFO New log started
2023-08-09 18:45:58,996 INFO 
2023-08-09 18:45:58,996 INFO New log started
2023-08-09 18:46:23,715 INFO 
2023-08-09 18:46:23,715 INFO New log started
2023-08-09 18:46:23,984 INFO 
2023-08-09 18:46:23,984 INFO New log started
2023-08-09 18:46:23,991 INFO 
2023-08-09 18:46:23,992 INFO New log started
2023-08-09 18:46:45,028 INFO 
2023-08-09 18:46:45,028 INFO New log started
2023-08-09 18:46:45,080 INFO 
2023-08-09 18:46:45,080 INFO New log started
2023-08-09 18:46:45,080 INFO 
2023-08-09 18:46:45,080 INFO New log started
2023-08-09 19:07:15,867 INFO 
2023-08-09 19:07:15,868 INFO New log started
2023-08-09 19:07:16,139 INFO 
2023-08-09 19:07:16,139 INFO New log started
2023-08-09 19:07:16,142 INFO 
2023-08-09 19:07:16,142 INFO New log started
2023-08-10 20:53:49,492 INFO 
2023-08-10 20:53:49,493 INFO New log started
2023-08-10 20:53:49,761 INFO 
2023-08-10 20:53:49,762 INFO New log started
2023-08-10 20:53:49,765 INFO 
2023-08-10 20:53:49,766 INFO New log started
2023-08-11 00:08:16,998 INFO Create new sqlite file
2023-08-11 15:15:03,848 INFO 
2023-08-11 15:15:03,848 INFO New log started
2023-08-11 15:15:04,120 INFO 
2023-08-11 15:15:04,120 INFO 
2023-08-11 15:15:04,120 INFO New log started
2023-08-11 15:15:04,120 INFO New log started
2023-08-11 15:16:00,548 INFO Create new sqlite file
2023-08-11 15:16:02,559 INFO Create new sqlite file
2023-08-11 15:16:04,566 INFO Create new sqlite file
2023-08-11 15:16:06,573 INFO Create new sqlite file
2023-08-11 15:16:08,580 INFO Create new sqlite file
2023-08-11 15:16:10,590 INFO Create new sqlite file
2023-08-11 15:16:12,601 INFO Create new sqlite file
2023-08-11 15:16:14,611 INFO Create new sqlite file
2023-08-11 15:16:16,617 INFO Create new sqlite file
2023-08-11 15:16:18,624 INFO Create new sqlite file
2023-08-11 15:16:20,635 INFO Create new sqlite file
2023-08-11 15:16:22,644 INFO Create new sqlite file
2023-08-11 15:16:24,654 INFO Create new sqlite file
2023-08-11 15:16:26,663 INFO Create new sqlite file
2023-08-11 15:16:28,669 INFO Create new sqlite file
2023-08-11 15:16:30,678 INFO Create new sqlite file
2023-08-11 15:16:32,688 INFO Create new sqlite file
2023-08-11 15:16:34,698 INFO Create new sqlite file
2023-08-11 15:16:36,707 INFO Create new sqlite file
2023-08-11 15:16:38,713 INFO Create new sqlite file
2023-08-11 15:16:40,719 INFO Create new sqlite file
2023-08-11 15:16:42,723 INFO Create new sqlite file
2023-08-11 15:16:44,730 INFO Create new sqlite file
2023-08-11 15:16:46,739 INFO Create new sqlite file
2023-08-11 15:16:48,746 INFO Create new sqlite file
2023-08-11 15:16:50,757 INFO Create new sqlite file
2023-08-11 15:16:52,764 INFO Create new sqlite file
2023-08-11 15:16:54,774 INFO Create new sqlite file
2023-08-11 15:16:56,782 INFO Create new sqlite file
2023-08-11 15:16:58,786 INFO Create new sqlite file
2023-08-11 15:17:00,796 INFO Create new sqlite file
2023-08-11 15:17:02,804 INFO Create new sqlite file
2023-08-11 15:17:04,812 INFO Create new sqlite file
2023-08-11 15:17:06,819 INFO Create new sqlite file
2023-08-11 15:17:08,826 INFO Create new sqlite file
2023-08-11 15:17:10,835 INFO Create new sqlite file
2023-08-11 15:17:12,841 INFO Create new sqlite file
2023-08-11 15:17:14,847 INFO Create new sqlite file
2023-08-11 15:17:16,853 INFO Create new sqlite file
2023-08-11 15:17:18,860 INFO Create new sqlite file
2023-08-11 15:17:20,868 INFO Create new sqlite file
2023-08-11 15:17:22,873 INFO Create new sqlite file
2023-08-11 15:17:24,880 INFO Create new sqlite file
2023-08-11 15:24:57,151 INFO 
2023-08-11 15:24:57,151 INFO New log started
2023-08-11 15:24:57,428 INFO 
2023-08-11 15:24:57,428 INFO New log started
2023-08-11 15:24:57,428 INFO 
2023-08-11 15:24:57,428 INFO New log started
2023-08-11 15:27:51,880 INFO 
2023-08-11 15:27:51,880 INFO New log started
2023-08-11 15:27:52,145 INFO 
2023-08-11 15:27:52,145 INFO 
2023-08-11 15:27:52,145 INFO New log started
2023-08-11 15:27:52,145 INFO New log started
2023-08-11 15:28:00,184 INFO Create new sqlite file
2023-08-11 15:28:02,194 INFO Create new sqlite file
2023-08-11 15:28:04,205 INFO Create new sqlite file
2023-08-11 15:28:06,215 INFO Create new sqlite file
2023-08-11 15:28:08,225 INFO Create new sqlite file
2023-08-11 15:28:10,235 INFO Create new sqlite file
2023-08-11 15:28:12,241 INFO Create new sqlite file
2023-08-11 15:28:14,249 INFO Create new sqlite file
2023-08-11 15:28:16,258 INFO Create new sqlite file
2023-08-11 15:28:18,264 INFO Create new sqlite file
2023-08-11 15:28:20,273 INFO Create new sqlite file
2023-08-11 15:28:22,285 INFO Create new sqlite file
2023-08-11 15:28:24,298 INFO Create new sqlite file
2023-08-11 15:28:26,312 INFO Create new sqlite file
2023-08-11 15:28:28,320 INFO Create new sqlite file
2023-08-11 15:28:30,329 INFO Create new sqlite file
2023-08-11 15:28:32,338 INFO Create new sqlite file
2023-08-11 15:28:34,347 INFO Create new sqlite file
2023-08-11 15:28:36,353 INFO Create new sqlite file
2023-08-11 15:28:49,653 INFO Create new sqlite file
2023-08-11 15:28:51,673 INFO Create new sqlite file
2023-08-11 15:28:53,684 INFO Create new sqlite file
2023-08-11 15:28:55,697 INFO Create new sqlite file
2023-08-11 15:28:57,705 INFO Create new sqlite file
2023-08-11 15:28:59,716 INFO Create new sqlite file
2023-08-11 15:29:01,727 INFO Create new sqlite file
2023-08-11 15:29:03,741 INFO Create new sqlite file
2023-08-11 15:29:05,753 INFO Create new sqlite file
2023-08-11 15:29:07,761 INFO Create new sqlite file
2023-08-11 15:29:09,775 INFO Create new sqlite file
2023-08-11 15:29:11,789 INFO Create new sqlite file
2023-08-11 15:29:13,802 INFO Create new sqlite file
2023-08-11 15:29:15,815 INFO Create new sqlite file
2023-08-11 15:29:17,824 INFO Create new sqlite file
2023-08-11 15:29:19,839 INFO Create new sqlite file
2023-08-11 15:29:21,853 INFO Create new sqlite file
2023-08-11 15:29:23,865 INFO Create new sqlite file
2023-08-11 15:29:25,877 INFO Create new sqlite file
2023-08-11 15:29:27,886 INFO Create new sqlite file
2023-08-11 15:29:29,899 INFO Create new sqlite file
2023-08-11 15:29:31,913 INFO Create new sqlite file
2023-08-11 15:29:33,925 INFO Create new sqlite file
2023-08-11 15:29:35,939 INFO Create new sqlite file
2023-08-11 15:29:37,950 INFO Create new sqlite file
2023-08-11 15:29:39,958 INFO Create new sqlite file
2023-08-11 15:29:41,961 INFO Create new sqlite file
2023-08-11 15:29:43,970 INFO Create new sqlite file
2023-08-11 15:29:45,984 INFO Create new sqlite file
2023-08-11 15:29:47,992 INFO Create new sqlite file
2023-08-11 15:29:50,020 INFO Create new sqlite file
2023-08-11 15:29:52,036 INFO Create new sqlite file
2023-08-11 15:29:54,047 INFO Create new sqlite file
2023-08-11 15:29:56,059 INFO Create new sqlite file
2023-08-11 15:29:58,070 INFO Create new sqlite file
2023-08-11 15:30:00,081 INFO Create new sqlite file
2023-08-11 15:30:02,095 INFO Create new sqlite file
2023-08-11 15:30:04,112 INFO Create new sqlite file
2023-08-11 15:30:06,120 INFO Create new sqlite file
2023-08-11 15:30:08,132 INFO Create new sqlite file
2023-08-11 15:30:10,149 INFO Create new sqlite file
2023-08-11 15:30:12,165 INFO Create new sqlite file
2023-08-11 15:30:14,180 INFO Create new sqlite file
2023-08-11 15:30:16,193 INFO Create new sqlite file
2023-08-11 15:30:18,210 INFO Create new sqlite file
2023-08-11 15:30:20,225 INFO Create new sqlite file
2023-08-11 15:30:22,244 INFO Create new sqlite file
2023-08-11 15:30:24,263 INFO Create new sqlite file
2023-08-11 15:30:26,280 INFO Create new sqlite file
2023-08-11 15:30:28,295 INFO Create new sqlite file
2023-08-11 15:30:30,302 INFO Create new sqlite file
2023-08-11 15:30:32,306 INFO Create new sqlite file
2023-08-11 15:30:34,315 INFO Create new sqlite file
2023-08-11 15:30:36,332 INFO Create new sqlite file
2023-08-11 15:30:38,345 INFO Create new sqlite file
2023-08-11 15:30:40,362 INFO Create new sqlite file
2023-08-11 15:30:42,378 INFO Create new sqlite file
2023-08-11 15:30:44,396 INFO Create new sqlite file
2023-08-11 15:30:46,407 INFO Create new sqlite file
2023-08-11 15:30:48,425 INFO Create new sqlite file
2023-08-11 15:30:50,438 INFO Create new sqlite file
2023-08-11 15:30:52,452 INFO Create new sqlite file
2023-08-11 15:30:54,465 INFO Create new sqlite file
2023-08-11 15:30:56,479 INFO Create new sqlite file
2023-08-11 15:30:58,494 INFO Create new sqlite file
2023-08-11 15:31:00,508 INFO Create new sqlite file
2023-08-11 15:31:02,523 INFO Create new sqlite file
2023-08-11 15:31:04,537 INFO Create new sqlite file
2023-08-11 15:31:06,550 INFO Create new sqlite file
2023-08-11 15:31:08,558 INFO Create new sqlite file
2023-08-11 15:31:10,572 INFO Create new sqlite file
2023-08-11 15:31:12,587 INFO Create new sqlite file
2023-08-11 15:31:14,601 INFO Create new sqlite file
2023-08-11 15:31:16,618 INFO Create new sqlite file
2023-08-11 15:31:18,626 INFO Create new sqlite file
2023-08-11 15:31:20,631 INFO Create new sqlite file
2023-08-11 15:31:22,640 INFO Create new sqlite file
2023-08-11 15:31:24,656 INFO Create new sqlite file
2023-08-11 15:31:26,669 INFO Create new sqlite file
2023-08-11 15:31:28,687 INFO Create new sqlite file
2023-08-11 15:31:30,705 INFO Create new sqlite file
2023-08-11 15:31:32,721 INFO Create new sqlite file
2023-08-11 15:31:34,737 INFO Create new sqlite file
2023-08-11 15:31:36,753 INFO Create new sqlite file
2023-08-11 15:31:38,770 INFO Create new sqlite file
2023-08-11 15:31:40,790 INFO Create new sqlite file
2023-08-11 15:31:42,809 INFO Create new sqlite file
2023-08-11 15:31:44,819 INFO Create new sqlite file
2023-08-11 15:31:46,835 INFO Create new sqlite file
2023-08-11 15:31:48,857 INFO Create new sqlite file
2023-08-11 15:31:50,873 INFO Create new sqlite file
2023-08-11 15:31:52,881 INFO Create new sqlite file
2023-08-11 15:31:54,898 INFO Create new sqlite file
2023-08-11 15:31:56,914 INFO Create new sqlite file
2023-08-11 15:31:58,935 INFO Create new sqlite file
2023-08-11 15:32:00,945 INFO Create new sqlite file
2023-08-11 15:32:02,956 INFO Create new sqlite file
2023-08-11 15:32:04,971 INFO Create new sqlite file
2023-08-11 15:32:06,980 INFO Create new sqlite file
2023-08-11 15:32:08,988 INFO Create new sqlite file
2023-08-11 15:32:10,998 INFO Create new sqlite file
2023-08-11 15:32:13,013 INFO Create new sqlite file
2023-08-11 15:32:15,027 INFO Create new sqlite file
2023-08-11 15:32:17,045 INFO Create new sqlite file
2023-08-11 15:32:19,061 INFO Create new sqlite file
2023-08-11 15:32:21,078 INFO Create new sqlite file
2023-08-11 15:32:23,096 INFO Create new sqlite file
2023-08-11 15:32:25,116 INFO Create new sqlite file
2023-08-11 15:32:27,129 INFO Create new sqlite file
2023-08-11 15:32:29,155 INFO Create new sqlite file
2023-08-11 15:32:31,166 INFO Create new sqlite file
2023-08-11 15:32:33,192 INFO Create new sqlite file
2023-08-11 15:32:35,212 INFO Create new sqlite file
2023-08-11 15:32:37,230 INFO Create new sqlite file
2023-08-11 15:32:39,251 INFO Create new sqlite file
2023-08-11 15:32:41,267 INFO Create new sqlite file
2023-08-11 15:32:43,281 INFO Create new sqlite file
2023-08-11 15:32:45,294 INFO Create new sqlite file
2023-08-11 15:32:47,311 INFO Create new sqlite file
2023-08-11 15:32:49,323 INFO Create new sqlite file
2023-08-11 15:32:51,331 INFO Create new sqlite file
2023-08-11 15:32:53,341 INFO Create new sqlite file
2023-08-11 15:32:55,349 INFO Create new sqlite file
2023-08-11 15:32:57,352 INFO Create new sqlite file
2023-08-11 15:32:59,360 INFO Create new sqlite file
2023-08-11 15:33:01,376 INFO Create new sqlite file
2023-08-11 15:33:03,391 INFO Create new sqlite file
2023-08-11 15:33:05,407 INFO Create new sqlite file
2023-08-11 15:33:07,422 INFO Create new sqlite file
2023-08-11 15:33:09,438 INFO Create new sqlite file
2023-08-11 15:33:11,454 INFO Create new sqlite file
2023-08-11 15:33:13,469 INFO Create new sqlite file
2023-08-11 15:33:15,489 INFO Create new sqlite file
2023-08-11 15:33:17,502 INFO Create new sqlite file
2023-08-11 15:33:19,519 INFO Create new sqlite file
2023-08-11 15:33:21,536 INFO Create new sqlite file
2023-08-11 15:33:23,551 INFO Create new sqlite file
2023-08-11 15:33:25,567 INFO Create new sqlite file
2023-08-11 15:33:27,588 INFO Create new sqlite file
2023-08-11 15:33:29,603 INFO Create new sqlite file
2023-08-11 15:33:31,619 INFO Create new sqlite file
2023-08-11 15:33:33,632 INFO Create new sqlite file
2023-08-11 15:33:35,645 INFO Create new sqlite file
2023-08-11 15:33:37,664 INFO Create new sqlite file
2023-08-11 15:33:39,677 INFO Create new sqlite file
2023-08-11 15:33:41,695 INFO Create new sqlite file
2023-08-11 15:33:43,704 INFO Create new sqlite file
2023-08-11 15:33:45,712 INFO Create new sqlite file
2023-08-11 15:33:47,720 INFO Create new sqlite file
2023-08-11 15:33:49,742 INFO Create new sqlite file
2023-08-11 15:33:51,760 INFO Create new sqlite file
2023-08-11 15:33:53,777 INFO Create new sqlite file
2023-08-11 15:33:55,788 INFO Create new sqlite file
2023-08-11 15:33:57,805 INFO Create new sqlite file
2023-08-11 15:33:59,824 INFO Create new sqlite file
2023-08-11 15:34:01,841 INFO Create new sqlite file
2023-08-11 15:34:03,855 INFO Create new sqlite file
2023-08-11 15:34:05,873 INFO Create new sqlite file
2023-08-11 15:34:07,891 INFO Create new sqlite file
2023-08-11 15:34:09,907 INFO Create new sqlite file
2023-08-11 15:34:11,925 INFO Create new sqlite file
2023-08-11 15:34:13,945 INFO Create new sqlite file
2023-08-11 15:34:15,959 INFO Create new sqlite file
2023-08-11 15:34:17,969 INFO Create new sqlite file
2023-08-11 15:34:19,985 INFO Create new sqlite file
2023-08-11 15:34:22,001 INFO Create new sqlite file
2023-08-11 15:34:24,013 INFO Create new sqlite file
2023-08-11 15:34:26,021 INFO Create new sqlite file
2023-08-11 15:34:28,030 INFO Create new sqlite file
2023-08-11 15:34:30,049 INFO Create new sqlite file
2023-08-11 15:34:32,066 INFO Create new sqlite file
2023-08-11 15:34:34,072 INFO Create new sqlite file
2023-08-11 15:34:36,079 INFO Create new sqlite file
2023-08-11 15:34:38,087 INFO Create new sqlite file
2023-08-11 15:34:40,105 INFO Create new sqlite file
2023-08-11 15:34:42,118 INFO Create new sqlite file
2023-08-11 15:34:44,134 INFO Create new sqlite file
2023-08-11 15:34:46,150 INFO Create new sqlite file
2023-08-11 15:34:48,167 INFO Create new sqlite file
2023-08-11 15:34:50,187 INFO Create new sqlite file
2023-08-11 15:34:52,203 INFO Create new sqlite file
2023-08-11 15:34:54,219 INFO Create new sqlite file
2023-08-11 15:34:56,237 INFO Create new sqlite file
2023-08-11 15:34:58,255 INFO Create new sqlite file
2023-08-11 15:35:00,277 INFO Create new sqlite file
2023-08-11 15:35:02,289 INFO Create new sqlite file
2023-08-11 15:35:04,314 INFO Create new sqlite file
2023-08-11 15:35:06,334 INFO Create new sqlite file
2023-08-11 15:35:08,351 INFO Create new sqlite file
2023-08-11 15:35:10,368 INFO Create new sqlite file
2023-08-11 15:35:12,381 INFO Create new sqlite file
2023-08-11 15:35:14,399 INFO Create new sqlite file
2023-08-11 15:35:16,411 INFO Create new sqlite file
2023-08-11 15:35:18,422 INFO Create new sqlite file
2023-08-11 15:35:20,435 INFO Create new sqlite file
2023-08-11 15:35:22,443 INFO Create new sqlite file
2023-08-11 15:35:24,451 INFO Create new sqlite file
2023-08-11 15:35:26,457 INFO Create new sqlite file
2023-08-11 15:35:28,468 INFO Create new sqlite file
2023-08-11 15:35:30,483 INFO Create new sqlite file
2023-08-11 15:35:32,489 INFO Create new sqlite file
2023-08-11 15:35:34,495 INFO Create new sqlite file
2023-08-11 15:35:36,503 INFO Create new sqlite file
2023-08-11 15:35:38,511 INFO Create new sqlite file
2023-08-11 15:35:40,519 INFO Create new sqlite file
2023-08-11 15:35:42,530 INFO Create new sqlite file
2023-08-11 15:35:44,542 INFO Create new sqlite file
2023-08-11 15:35:46,555 INFO Create new sqlite file
2023-08-11 15:35:48,570 INFO Create new sqlite file
2023-08-11 15:35:50,578 INFO Create new sqlite file
2023-08-11 15:35:52,587 INFO Create new sqlite file
2023-08-11 15:35:54,600 INFO Create new sqlite file
2023-08-11 15:35:56,612 INFO Create new sqlite file
2023-08-11 15:35:58,622 INFO Create new sqlite file
2023-08-11 15:36:00,633 INFO Create new sqlite file
2023-08-11 15:36:02,647 INFO Create new sqlite file
2023-08-11 15:36:04,658 INFO Create new sqlite file
2023-08-12 15:15:51,898 INFO 
2023-08-12 15:15:51,898 INFO New log started
2023-08-12 15:15:52,164 INFO 
2023-08-12 15:15:52,164 INFO New log started
2023-08-12 15:15:52,174 INFO 
2023-08-12 15:15:52,175 INFO New log started
2023-08-12 15:16:00,193 INFO Create new sqlite file
2023-08-12 15:16:02,199 INFO Create new sqlite file
2023-08-12 15:16:04,202 INFO Create new sqlite file
2023-08-12 15:16:06,207 INFO Create new sqlite file
2023-08-12 15:16:08,215 INFO Create new sqlite file
2023-08-12 15:16:10,218 INFO Create new sqlite file
2023-08-12 15:16:12,225 INFO Create new sqlite file
2023-08-12 15:16:14,231 INFO Create new sqlite file
2023-08-12 15:17:09,263 INFO Create new sqlite file
2023-08-12 15:17:11,271 INFO Create new sqlite file
2023-08-12 15:17:13,278 INFO Create new sqlite file
2023-08-12 15:17:15,285 INFO Create new sqlite file
2023-08-12 15:17:17,290 INFO Create new sqlite file
2023-08-12 15:17:19,293 INFO Create new sqlite file
2023-08-12 15:17:21,302 INFO Create new sqlite file
2023-08-12 15:17:23,313 INFO Create new sqlite file
2023-08-12 15:17:25,319 INFO Create new sqlite file
2023-08-12 15:17:27,324 INFO Create new sqlite file
2023-08-12 15:17:29,331 INFO Create new sqlite file
2023-08-12 15:17:31,348 INFO Create new sqlite file
2023-08-12 15:17:33,359 INFO Create new sqlite file
2023-08-12 15:17:35,369 INFO Create new sqlite file
2023-08-12 15:17:37,373 INFO Create new sqlite file
2023-08-12 15:17:39,385 INFO Create new sqlite file
2023-08-12 15:17:41,394 INFO Create new sqlite file
2023-08-12 15:17:43,403 INFO Create new sqlite file
2023-08-12 15:17:45,407 INFO Create new sqlite file
2023-08-12 15:17:47,415 INFO Create new sqlite file
2023-08-12 15:17:49,421 INFO Create new sqlite file
2023-08-12 15:17:51,428 INFO Create new sqlite file
2023-08-12 15:17:53,438 INFO Create new sqlite file
2023-08-12 15:17:55,445 INFO Create new sqlite file
2023-08-12 15:17:57,452 INFO Create new sqlite file
2023-08-12 15:17:59,463 INFO Create new sqlite file
2023-08-12 15:18:01,474 INFO Create new sqlite file
2023-08-12 15:18:03,482 INFO Create new sqlite file
2023-08-12 15:18:05,491 INFO Create new sqlite file
2023-08-12 15:18:07,499 INFO Create new sqlite file
2023-08-12 15:18:09,511 INFO Create new sqlite file
2023-08-12 15:18:11,518 INFO Create new sqlite file
2023-08-12 15:18:13,525 INFO Create new sqlite file
2023-08-12 15:18:15,532 INFO Create new sqlite file
2023-08-12 15:18:17,536 INFO Create new sqlite file
2023-08-12 15:18:19,544 INFO Create new sqlite file
2023-08-12 15:18:21,553 INFO Create new sqlite file
2023-08-12 15:18:23,564 INFO Create new sqlite file
2023-08-12 15:18:25,567 INFO Create new sqlite file
2023-08-12 15:18:27,574 INFO Create new sqlite file
2023-08-12 15:18:29,581 INFO Create new sqlite file
2023-08-12 15:18:31,591 INFO Create new sqlite file
2023-08-12 15:18:33,603 INFO Create new sqlite file
2023-08-12 15:18:35,612 INFO Create new sqlite file
2023-08-12 15:18:37,618 INFO Create new sqlite file
2023-08-12 15:18:39,630 INFO Create new sqlite file
2023-08-12 15:18:41,641 INFO Create new sqlite file
2023-08-12 15:18:43,649 INFO Create new sqlite file
2023-08-12 15:18:45,655 INFO Create new sqlite file
2023-08-12 15:18:47,668 INFO Create new sqlite file
2023-08-12 15:18:49,676 INFO Create new sqlite file
2023-08-12 15:18:51,683 INFO Create new sqlite file
2023-08-12 15:18:53,691 INFO Create new sqlite file
2023-08-12 15:25:11,218 INFO 
2023-08-12 15:25:11,218 INFO New log started
2023-08-12 15:25:11,455 INFO 
2023-08-12 15:25:11,455 INFO New log started
2023-08-12 15:25:11,464 INFO 
2023-08-12 15:25:11,464 INFO New log started
2023-08-12 15:26:09,568 INFO Create new sqlite file
2023-08-12 15:27:02,794 INFO Create new sqlite file
2023-08-12 15:27:06,431 INFO Create new sqlite file
2023-08-12 15:27:09,573 INFO Create new sqlite file
2023-08-12 15:27:11,582 INFO Create new sqlite file
2023-08-12 15:27:13,590 INFO Create new sqlite file
2023-08-12 15:27:15,598 INFO Create new sqlite file
2023-08-12 15:27:17,607 INFO Create new sqlite file
2023-08-12 15:27:19,614 INFO Create new sqlite file
2023-08-12 15:27:21,629 INFO Create new sqlite file
2023-08-12 15:27:23,644 INFO Create new sqlite file
2023-08-12 15:27:25,647 INFO Create new sqlite file
2023-08-12 15:27:27,656 INFO Create new sqlite file
2023-08-12 15:27:29,664 INFO Create new sqlite file
2023-08-12 15:27:31,673 INFO Create new sqlite file
2023-08-12 15:34:20,245 INFO 
2023-08-12 15:34:20,245 INFO New log started
2023-08-12 15:34:20,478 INFO 
2023-08-12 15:34:20,479 INFO New log started
2023-08-12 15:34:20,482 INFO 
2023-08-12 15:34:20,482 INFO New log started
2023-08-12 15:35:03,869 INFO Create new sqlite file
2023-08-12 15:35:05,882 INFO Create new sqlite file
2023-08-12 15:35:07,889 INFO Create new sqlite file
2023-08-12 15:35:09,898 INFO Create new sqlite file
2023-08-12 15:35:11,907 INFO Create new sqlite file
2023-08-12 15:35:13,915 INFO Create new sqlite file
2023-08-12 15:35:15,919 INFO Create new sqlite file
2023-08-12 15:35:17,929 INFO Create new sqlite file
2023-08-12 15:35:19,935 INFO Create new sqlite file
2023-08-12 15:35:21,940 INFO Create new sqlite file
2023-08-12 15:35:23,948 INFO Create new sqlite file
2023-08-12 15:35:25,951 INFO Create new sqlite file
2023-08-12 15:35:27,962 INFO Create new sqlite file
2023-08-12 15:35:29,976 INFO Create new sqlite file
2023-08-12 15:35:31,984 INFO Create new sqlite file
2023-08-12 15:35:33,994 INFO Create new sqlite file
2023-08-12 15:35:36,007 INFO Create new sqlite file
2023-08-12 15:35:38,023 INFO Create new sqlite file
2023-08-12 15:35:40,033 INFO Create new sqlite file
2023-08-12 15:35:42,042 INFO Create new sqlite file
2023-08-12 15:35:44,056 INFO Create new sqlite file
2023-08-12 15:35:46,070 INFO Create new sqlite file
2023-08-12 15:35:48,085 INFO Create new sqlite file
2023-08-12 15:35:50,093 INFO Create new sqlite file
2023-08-12 15:35:52,103 INFO Create new sqlite file
2023-08-12 15:35:54,118 INFO Create new sqlite file
2023-08-12 15:35:56,131 INFO Create new sqlite file
2023-08-12 15:35:58,143 INFO Create new sqlite file
2023-08-12 15:36:00,153 INFO Create new sqlite file
2023-08-12 15:36:02,158 INFO Create new sqlite file
2023-08-12 15:36:04,165 INFO Create new sqlite file
2023-08-12 15:36:06,177 INFO Create new sqlite file
2023-08-12 15:36:08,190 INFO Create new sqlite file
2023-08-12 15:36:10,199 INFO Create new sqlite file
2023-08-12 15:36:12,212 INFO Create new sqlite file
2023-08-12 15:36:14,225 INFO Create new sqlite file
2023-08-12 15:36:16,238 INFO Create new sqlite file
2023-08-12 15:36:18,252 INFO Create new sqlite file
2023-08-12 15:36:20,263 INFO Create new sqlite file
2023-08-12 15:36:22,277 INFO Create new sqlite file
2023-08-12 15:36:24,290 INFO Create new sqlite file
2023-08-12 15:36:26,303 INFO Create new sqlite file
2023-08-12 15:36:28,320 INFO Create new sqlite file
2023-08-12 15:36:30,336 INFO Create new sqlite file
2023-08-12 15:36:32,351 INFO Create new sqlite file
2023-08-12 15:36:34,364 INFO Create new sqlite file
2023-08-12 15:36:36,380 INFO Create new sqlite file
2023-08-12 15:36:38,393 INFO Create new sqlite file
2023-08-12 15:36:40,407 INFO Create new sqlite file
2023-08-12 15:36:42,424 INFO Create new sqlite file
2023-08-12 15:36:44,438 INFO Create new sqlite file
2023-08-12 15:36:46,453 INFO Create new sqlite file
2023-08-12 15:36:48,468 INFO Create new sqlite file
2023-08-12 15:36:50,482 INFO Create new sqlite file
2023-08-12 15:36:52,499 INFO Create new sqlite file
2023-08-12 15:36:54,512 INFO Create new sqlite file
2023-08-12 15:36:56,526 INFO Create new sqlite file
2023-08-12 15:36:58,539 INFO Create new sqlite file
2023-08-12 15:37:00,549 INFO Create new sqlite file
2023-08-12 15:37:02,554 INFO Create new sqlite file
2023-08-12 15:37:04,562 INFO Create new sqlite file
2023-08-12 15:37:06,575 INFO Create new sqlite file
2023-08-12 15:37:08,590 INFO Create new sqlite file
2023-08-12 15:37:10,605 INFO Create new sqlite file
2023-08-12 15:37:12,619 INFO Create new sqlite file
2023-08-12 15:37:14,630 INFO Create new sqlite file
2023-08-12 15:37:16,641 INFO Create new sqlite file
2023-08-12 15:37:18,650 INFO Create new sqlite file
2023-08-12 15:37:20,661 INFO Create new sqlite file
2023-08-12 15:37:22,675 INFO Create new sqlite file
2023-08-12 15:50:36,175 INFO 
2023-08-12 15:50:36,175 INFO New log started
2023-08-12 15:50:36,225 INFO 
2023-08-12 15:50:36,225 INFO New log started
2023-08-12 15:50:36,225 INFO 
2023-08-12 15:50:36,225 INFO New log started
2023-08-12 15:51:00,308 INFO Create new sqlite file
2023-08-12 15:51:02,316 INFO Create new sqlite file
2023-08-12 15:51:04,323 INFO Create new sqlite file
2023-08-12 15:51:06,327 INFO Create new sqlite file
2023-08-12 15:51:08,335 INFO Create new sqlite file
2023-08-12 15:51:10,346 INFO Create new sqlite file
2023-08-12 15:51:12,356 INFO Create new sqlite file
2023-08-12 15:51:14,363 INFO Create new sqlite file
2023-08-12 15:51:16,369 INFO Create new sqlite file
2023-08-12 15:51:18,375 INFO Create new sqlite file
2023-08-12 15:51:20,380 INFO Create new sqlite file
2023-08-12 15:51:22,385 INFO Create new sqlite file
2023-08-12 15:51:24,392 INFO Create new sqlite file
2023-08-12 15:51:26,398 INFO Create new sqlite file
2023-08-12 15:51:28,402 INFO Create new sqlite file
2023-08-12 15:51:30,405 INFO Create new sqlite file
2023-08-12 15:51:32,412 INFO Create new sqlite file
2023-08-12 15:51:34,420 INFO Create new sqlite file
2023-08-12 15:51:36,426 INFO Create new sqlite file
2023-08-12 15:51:38,433 INFO Create new sqlite file
2023-08-12 15:51:40,439 INFO Create new sqlite file
2023-08-12 15:51:42,446 INFO Create new sqlite file
2023-08-12 15:51:44,452 INFO Create new sqlite file
2023-08-12 15:51:46,459 INFO Create new sqlite file
2023-08-12 15:51:48,465 INFO Create new sqlite file
2023-08-12 15:51:50,468 INFO Create new sqlite file
2023-08-12 15:51:52,473 INFO Create new sqlite file
2023-08-12 15:51:54,482 INFO Create new sqlite file
2023-08-12 15:51:56,493 INFO Create new sqlite file
2023-08-12 15:51:58,501 INFO Create new sqlite file
2023-08-12 15:52:00,514 INFO Create new sqlite file
2023-08-12 15:52:02,526 INFO Create new sqlite file
2023-08-12 15:52:04,536 INFO Create new sqlite file
2023-08-12 15:52:06,540 INFO Create new sqlite file
2023-08-12 15:52:08,547 INFO Create new sqlite file
2023-08-12 15:52:10,555 INFO Create new sqlite file
2023-08-12 15:52:12,563 INFO Create new sqlite file
2023-08-12 15:52:14,570 INFO Create new sqlite file
2023-08-12 15:52:16,573 INFO Create new sqlite file
2023-08-12 15:52:18,575 INFO Create new sqlite file
2023-08-12 15:52:20,578 INFO Create new sqlite file
2023-08-12 15:52:22,582 INFO Create new sqlite file
2023-08-12 15:52:24,588 INFO Create new sqlite file
2023-08-12 15:52:26,595 INFO Create new sqlite file
2023-08-12 15:52:28,597 INFO Create new sqlite file
2023-08-12 15:52:30,604 INFO Create new sqlite file
2023-08-12 15:52:32,610 INFO Create new sqlite file
2023-08-12 15:52:34,618 INFO Create new sqlite file
2023-08-12 15:52:36,628 INFO Create new sqlite file
2023-08-12 15:52:38,635 INFO Create new sqlite file
2023-08-12 15:52:40,642 INFO Create new sqlite file
2023-08-12 15:52:42,645 INFO Create new sqlite file
2023-08-12 15:52:44,655 INFO Create new sqlite file
2023-08-12 15:52:46,666 INFO Create new sqlite file
2023-08-12 15:52:48,672 INFO Create new sqlite file
2023-08-12 15:52:50,678 INFO Create new sqlite file
2023-08-12 15:52:52,683 INFO Create new sqlite file
2023-08-12 15:52:54,690 INFO Create new sqlite file
2023-08-12 15:52:56,695 INFO Create new sqlite file
2023-08-12 15:52:58,705 INFO Create new sqlite file
2023-08-12 15:53:00,714 INFO Create new sqlite file
2023-08-12 15:53:02,724 INFO Create new sqlite file
2023-08-12 15:53:04,731 INFO Create new sqlite file
2023-08-12 15:53:06,738 INFO Create new sqlite file
2023-08-12 15:53:08,746 INFO Create new sqlite file
2023-08-12 15:53:10,754 INFO Create new sqlite file
2023-08-12 15:53:12,761 INFO Create new sqlite file
2023-08-12 15:53:14,762 INFO Create new sqlite file
2023-08-12 15:53:16,767 INFO Create new sqlite file
2023-08-12 15:53:18,774 INFO Create new sqlite file
2023-08-12 15:53:20,779 INFO Create new sqlite file
2023-08-12 15:53:22,786 INFO Create new sqlite file
2023-08-12 15:53:24,794 INFO Create new sqlite file
2023-08-12 15:53:26,800 INFO Create new sqlite file
2023-08-12 15:53:28,802 INFO Create new sqlite file
2023-08-12 15:53:30,808 INFO Create new sqlite file
2023-08-12 15:53:32,816 INFO Create new sqlite file
2023-08-12 15:53:34,819 INFO Create new sqlite file
2023-08-12 15:53:36,822 INFO Create new sqlite file
2023-08-12 15:53:38,827 INFO Create new sqlite file
2023-08-12 15:53:40,833 INFO Create new sqlite file
2023-08-12 15:53:42,839 INFO Create new sqlite file
2023-08-12 15:53:44,844 INFO Create new sqlite file
2023-08-12 15:53:46,850 INFO Create new sqlite file
2023-08-12 15:53:55,382 INFO 
2023-08-12 15:53:55,382 INFO New log started
2023-08-12 15:53:55,620 INFO 
2023-08-12 15:53:55,621 INFO New log started
2023-08-12 15:53:55,622 INFO 
2023-08-12 15:53:55,622 INFO New log started
2023-08-12 15:54:01,642 INFO Create new sqlite file
2023-08-12 15:54:03,656 INFO Create new sqlite file
2023-08-12 15:54:05,666 INFO Create new sqlite file
2023-08-12 15:54:07,676 INFO Create new sqlite file
2023-08-12 15:54:09,682 INFO Create new sqlite file
2023-08-12 15:54:16,730 INFO Create new sqlite file
2023-08-12 15:54:23,127 INFO Create new sqlite file
2023-08-12 15:54:25,137 INFO Create new sqlite file
2023-08-12 15:54:27,141 INFO Create new sqlite file
2023-08-12 15:54:29,149 INFO Create new sqlite file
2023-08-12 15:54:31,158 INFO Create new sqlite file
2023-08-12 15:54:33,173 INFO Create new sqlite file
2023-08-12 15:54:35,179 INFO Create new sqlite file
2023-08-12 15:54:37,185 INFO Create new sqlite file
2023-08-12 15:54:39,196 INFO Create new sqlite file
2023-08-12 15:54:41,200 INFO Create new sqlite file
2023-08-12 15:54:43,208 INFO Create new sqlite file
2023-08-12 15:54:45,220 INFO Create new sqlite file
2023-08-12 15:54:47,227 INFO Create new sqlite file
2023-08-12 15:54:49,235 INFO Create new sqlite file
2023-08-12 15:54:51,241 INFO Create new sqlite file
2023-08-12 15:54:53,249 INFO Create new sqlite file
2023-08-12 15:54:55,258 INFO Create new sqlite file
2023-08-12 15:54:57,263 INFO Create new sqlite file
2023-08-12 15:54:59,271 INFO Create new sqlite file
2023-08-12 15:55:01,275 INFO Create new sqlite file
2023-08-12 15:55:03,287 INFO Create new sqlite file
2023-08-12 15:55:05,291 INFO Create new sqlite file
2023-08-12 15:55:07,301 INFO Create new sqlite file
2023-08-12 15:55:09,306 INFO Create new sqlite file
2023-08-12 15:55:11,311 INFO Create new sqlite file
2023-08-12 15:55:13,316 INFO Create new sqlite file
2023-08-12 15:55:15,320 INFO Create new sqlite file
2023-08-12 15:55:17,324 INFO Create new sqlite file
2023-08-12 15:55:19,328 INFO Create new sqlite file
2023-08-12 15:55:21,335 INFO Create new sqlite file
2023-08-12 15:55:23,340 INFO Create new sqlite file
2023-08-12 15:55:25,350 INFO Create new sqlite file
2023-08-12 15:55:27,357 INFO Create new sqlite file
2023-08-12 15:55:29,363 INFO Create new sqlite file
2023-08-12 15:55:31,371 INFO Create new sqlite file
2023-08-12 15:55:33,380 INFO Create new sqlite file
2023-08-12 15:55:35,384 INFO Create new sqlite file
2023-08-12 15:55:37,393 INFO Create new sqlite file
2023-08-12 15:55:39,403 INFO Create new sqlite file
2023-08-12 15:55:41,413 INFO Create new sqlite file
2023-08-12 15:55:43,421 INFO Create new sqlite file
2023-08-12 15:55:45,432 INFO Create new sqlite file
2023-08-12 15:55:47,440 INFO Create new sqlite file
2023-08-12 15:55:49,451 INFO Create new sqlite file
2023-08-12 15:55:51,459 INFO Create new sqlite file
2023-08-12 15:55:53,467 INFO Create new sqlite file
2023-08-12 15:55:55,480 INFO Create new sqlite file
2023-08-12 15:55:57,488 INFO Create new sqlite file
2023-08-12 15:55:59,496 INFO Create new sqlite file
2023-08-12 15:58:18,030 INFO 
2023-08-12 15:58:18,030 INFO New log started
2023-08-12 15:58:18,282 INFO 
2023-08-12 15:58:18,282 INFO New log started
2023-08-12 15:58:18,286 INFO 
2023-08-12 15:58:18,287 INFO New log started
2023-08-12 15:59:00,472 INFO Create new sqlite file
2023-08-12 16:00:04,735 INFO Create new sqlite file
2023-08-12 16:02:31,186 INFO Create new sqlite file
2023-08-12 16:03:04,812 INFO Create new sqlite file
2023-08-12 16:04:01,810 INFO Create new sqlite file
2023-08-12 16:05:00,164 INFO Create new sqlite file
2023-08-12 16:05:34,011 INFO 
2023-08-12 16:05:34,011 INFO New log started
2023-08-12 16:05:34,252 INFO 
2023-08-12 16:05:34,252 INFO New log started
2023-08-12 16:05:34,269 INFO 
2023-08-12 16:05:34,269 INFO New log started
2023-08-12 16:11:34,074 INFO 
2023-08-12 16:11:34,074 INFO New log started
2023-08-12 16:11:34,310 INFO 
2023-08-12 16:11:34,310 INFO New log started
2023-08-12 16:11:34,312 INFO 
2023-08-12 16:11:34,312 INFO New log started
2023-08-12 16:15:19,365 INFO Create new sqlite file
2023-08-12 16:16:05,569 INFO 
2023-08-12 16:16:05,569 INFO New log started
2023-08-12 16:16:05,810 INFO 
2023-08-12 16:16:05,810 INFO New log started
2023-08-12 16:16:05,810 INFO 
2023-08-12 16:16:05,810 INFO New log started
2023-08-12 16:17:01,118 INFO 
2023-08-12 16:17:01,118 INFO New log started
2023-08-12 16:17:01,355 INFO 
2023-08-12 16:17:01,355 INFO New log started
2023-08-12 16:17:01,356 INFO 
2023-08-12 16:17:01,356 INFO New log started
2023-08-12 16:18:29,242 INFO Create new sqlite file
2023-08-12 16:26:57,132 INFO 
2023-08-12 16:26:57,132 INFO New log started
2023-08-12 16:26:57,370 INFO 
2023-08-12 16:26:57,370 INFO New log started
2023-08-12 16:26:57,373 INFO 
2023-08-12 16:26:57,373 INFO New log started
2023-08-12 16:27:01,553 INFO Create new sqlite file
2023-08-12 16:28:00,474 INFO Create new sqlite file
2023-08-12 16:29:02,005 INFO Create new sqlite file
2023-08-12 16:36:43,727 INFO 
2023-08-12 16:36:43,728 INFO New log started
2023-08-12 16:36:44,018 INFO 
2023-08-12 16:36:44,018 INFO New log started
2023-08-12 16:36:44,019 INFO 
2023-08-12 16:36:44,019 INFO New log started
2023-08-12 16:37:01,271 INFO Create new sqlite file
2023-08-12 16:38:00,265 INFO Create new sqlite file
2023-09-04 10:35:59,210 INFO 
2023-09-04 10:35:59,222 INFO New log started
2023-09-04 10:35:59,858 INFO 
2023-09-04 10:35:59,859 INFO New log started
2023-09-04 10:35:59,859 INFO New log started
2023-09-04 10:41:21,093 INFO 
2023-09-04 10:41:21,094 INFO New log started
2023-09-04 10:41:21,691 INFO 
2023-09-04 10:41:21,691 INFO 
2023-09-04 10:41:21,691 INFO New log started
2023-09-04 10:41:21,692 INFO New log started
2023-09-04 11:13:27,119 INFO 
2023-09-04 11:13:27,120 INFO New log started
2023-09-04 11:13:27,746 INFO 
2023-09-04 11:13:27,747 INFO New log started
2023-09-04 11:13:27,766 INFO 
2023-09-04 11:13:27,767 INFO New log started
2023-09-04 11:14:04,420 INFO 
2023-09-04 11:14:04,421 INFO New log started
2023-09-04 11:14:05,101 INFO 
2023-09-04 11:14:05,102 INFO New log started
2023-09-04 11:14:05,102 INFO New log started
2023-09-04 11:18:03,676 INFO 
2023-09-04 11:18:03,677 INFO New log started
2023-09-04 11:18:04,262 INFO 
2023-09-04 11:18:04,263 INFO New log started
2023-09-04 11:18:04,263 INFO New log started
2023-09-04 11:38:28,075 INFO 
2023-09-04 11:38:28,076 INFO New log started
2023-09-04 11:38:28,636 INFO 
2023-09-04 11:38:28,637 INFO New log started
2023-09-04 11:38:28,663 INFO 
2023-09-04 11:38:28,664 INFO New log started
2023-09-04 11:40:50,033 INFO 
2023-09-04 11:40:50,034 INFO New log started
2023-09-04 11:40:50,595 INFO 
2023-09-04 11:40:50,595 INFO 
2023-09-04 11:40:50,596 INFO New log started
2023-09-04 11:40:50,596 INFO New log started
2023-09-04 11:41:13,203 INFO Create new sqlite file
2023-09-04 14:05:00,774 INFO 
2023-09-04 14:05:00,775 INFO New log started
2023-09-04 14:05:01,359 INFO 
2023-09-04 14:05:01,359 INFO 
2023-09-04 14:05:01,360 INFO New log started
2023-09-04 14:05:01,360 INFO New log started
2023-09-04 16:39:29,904 INFO 
2023-09-04 16:39:29,904 INFO New log started
2023-09-04 16:39:30,536 INFO 
2023-09-04 16:39:30,537 INFO New log started
2023-09-04 16:39:30,560 INFO 
2023-09-04 16:39:30,561 INFO New log started
2023-09-04 16:41:49,362 INFO 
2023-09-04 16:41:49,363 INFO New log started
2023-09-04 16:41:50,062 INFO 
2023-09-04 16:41:50,063 INFO New log started
2023-09-04 16:41:50,075 INFO 
2023-09-04 16:41:50,075 INFO New log started
2023-09-04 16:44:02,324 INFO 
2023-09-04 16:44:02,325 INFO New log started
2023-09-04 16:44:03,021 INFO 
2023-09-04 16:44:03,022 INFO New log started
2023-09-04 16:44:03,050 INFO 
2023-09-04 16:44:03,052 INFO New log started
2023-09-04 16:46:03,425 INFO 
2023-09-04 16:46:03,425 INFO New log started
2023-09-04 16:46:04,096 INFO 
2023-09-04 16:46:04,097 INFO 
w log started
2023-09-04 16:46:04,098 INFO New log started
2023-09-04 16:47:53,078 INFO 
2023-09-04 16:47:53,079 INFO New log started
2023-09-04 16:47:53,745 INFO 
2023-09-04 16:47:53,746 INFO New log started
2023-09-04 16:47:53,765 INFO 
2023-09-04 16:47:53,766 INFO New log started
2023-09-04 17:00:29,463 INFO 
2023-09-04 17:00:29,464 INFO New log started
2023-09-04 17:00:30,183 INFO 
2023-09-04 17:00:30,184 INFO 
2023-09-04 17:00:30,184 INFO New log started
2023-09-04 17:00:30,185 INFO New log started
2023-09-04 17:02:01,945 INFO 
2023-09-04 17:02:01,945 INFO New log started
2023-09-04 17:02:02,646 INFO 
2023-09-04 17:02:02,646 INFO New log started
2023-09-04 17:02:02,647 INFO 
2023-09-04 17:02:02,648 INFO New log started
2023-09-04 17:05:01,249 INFO 
2023-09-04 17:05:01,249 INFO New log started
2023-09-04 17:05:01,941 INFO 
2023-09-04 17:05:01,942 INFO New log started
2023-09-04 17:05:01,949 INFO 
2023-09-04 17:05:01,950 INFO New log started
2023-09-05 09:40:55,948 INFO 
2023-09-05 09:40:55,979 INFO New log started
2023-09-05 09:40:57,311 INFO 
2023-09-05 09:40:57,311 INFO 
w log started
2023-09-05 09:40:57,312 INFO New log started
2023-09-05 09:47:26,080 INFO 
2023-09-05 09:47:26,081 INFO New log started
2023-09-05 09:47:26,790 INFO 
2023-09-05 09:47:26,790 INFO New log started
2023-09-05 09:47:26,807 INFO 
2023-09-05 09:47:26,808 INFO New log started
2023-09-05 09:53:28,531 INFO 
2023-09-05 09:53:28,532 INFO New log started
2023-09-05 09:53:29,298 INFO 
2023-09-05 09:53:29,299 INFO New log started
2023-09-05 09:53:29,318 INFO 
2023-09-05 09:53:29,319 INFO New log started
2023-09-05 09:55:20,610 INFO 
2023-09-05 09:55:20,611 INFO New log started
2023-09-05 09:55:21,330 INFO 
2023-09-05 09:55:21,331 INFO New log started
2023-09-05 09:55:21,357 INFO 
2023-09-05 09:55:21,358 INFO New log started
2023-09-05 09:57:33,777 INFO 
2023-09-05 09:57:33,777 INFO New log started
2023-09-05 09:57:35,626 INFO 
2023-09-05 09:57:35,626 INFO New log started
2023-09-05 09:57:35,626 INFO 
2023-09-05 09:57:35,626 INFO New log started
2023-09-05 10:02:27,722 INFO 
2023-09-05 10:02:27,722 INFO New log started
2023-09-05 10:02:28,438 INFO 
2023-09-05 10:02:28,438 INFO New log started
2023-09-05 10:02:28,438 INFO New log started
2023-09-05 10:14:46,961 INFO 
2023-09-05 10:14:46,961 INFO New log started
2023-09-05 10:14:47,676 INFO 
2023-09-05 10:14:47,676 INFO 
2023-09-05 10:14:47,676 INFO New log started
2023-09-05 10:14:47,676 INFO New log started
2023-09-05 10:25:54,496 INFO 
2023-09-05 10:25:54,496 INFO New log started
2023-09-05 10:25:55,260 INFO 
2023-09-05 10:25:55,260 INFO New log started
2023-09-05 10:25:55,260 INFO New log started
2023-09-05 10:29:58,368 INFO 
2023-09-05 10:29:58,369 INFO New log started
2023-09-05 10:29:59,114 INFO 
2023-09-05 10:29:59,114 INFO 
2023-09-05 10:29:59,114 INFO New log started
2023-09-05 10:29:59,114 INFO New log started
2023-09-05 10:44:34,452 INFO 
2023-09-05 10:44:34,452 INFO New log started
2023-09-05 10:44:35,219 INFO 
2023-09-05 10:44:35,219 INFO New log started
2023-09-05 10:44:35,219 INFO 
2023-09-05 10:44:35,219 INFO New log started
2023-09-05 10:54:14,840 INFO 
2023-09-05 10:54:14,842 INFO New log started
2023-09-05 10:54:15,565 INFO 
2023-09-05 10:54:15,566 INFO New log started
2023-09-05 10:54:15,576 INFO 
2023-09-05 10:54:15,577 INFO New log started
2023-09-05 10:57:48,742 INFO 
2023-09-05 10:57:48,742 INFO New log started
2023-09-05 10:57:49,508 INFO 
2023-09-05 10:57:49,508 INFO New log started
2023-09-05 10:57:49,508 INFO 
2023-09-05 10:57:49,508 INFO New log started
2023-09-05 10:59:25,809 INFO 
2023-09-05 10:59:25,809 INFO New log started
2023-09-05 10:59:26,524 INFO 
2023-09-05 10:59:26,633 INFO New log started
2023-09-05 10:59:26,633 INFO New log started
2023-09-05 11:01:29,787 INFO 
2023-09-05 11:01:29,787 INFO New log started
2023-09-05 11:01:30,614 INFO 
2023-09-05 11:01:30,615 INFO 
2023-09-05 11:01:30,615 INFO New log started
2023-09-05 11:01:30,616 INFO New log started
2023-09-05 11:04:13,755 INFO 
2023-09-05 11:04:13,756 INFO New log started
2023-09-05 11:04:14,557 INFO 
2023-09-05 11:04:14,557 INFO New log started
2023-09-05 11:04:14,574 INFO 
2023-09-05 11:04:14,576 INFO New log started
2023-09-05 11:05:21,693 INFO 
2023-09-05 11:05:21,694 INFO New log started
2023-09-05 11:05:22,397 INFO 
2023-09-05 11:05:22,397 INFO 
2023-09-05 11:05:22,397 INFO New log started
2023-09-05 11:05:22,397 INFO New log started
2023-09-05 11:08:31,998 INFO 
2023-09-05 11:08:31,998 INFO New log started
2023-09-05 11:08:32,731 INFO 
2023-09-05 11:08:32,731 INFO New log started
2023-09-05 11:08:32,757 INFO 
2023-09-05 11:08:32,758 INFO New log started
2023-09-05 11:09:44,202 INFO 
2023-09-05 11:09:44,202 INFO New log started
2023-09-05 11:09:44,954 INFO 
2023-09-05 11:09:44,955 INFO New log started
2023-09-05 11:09:44,964 INFO 
2023-09-05 11:09:44,965 INFO New log started
2023-09-05 11:10:00,591 INFO Create new sqlite file
2023-09-05 11:12:07,177 INFO 
2023-09-05 11:12:07,177 INFO New log started
2023-09-05 11:12:08,051 INFO 
2023-09-05 11:12:08,051 INFO New log started
2023-09-05 11:12:08,051 INFO New log started
2023-09-05 11:15:27,552 INFO 
2023-09-05 11:15:27,552 INFO New log started
2023-09-05 11:15:28,505 INFO 
2023-09-05 11:15:28,506 INFO New log started
2023-09-05 11:15:28,507 INFO 
2023-09-05 11:15:28,508 INFO New log started
2023-09-05 11:16:01,222 INFO Create new sqlite file
2023-09-05 11:21:19,592 INFO 
2023-09-05 11:21:19,592 INFO New log started
2023-09-05 11:21:20,345 INFO 
2023-09-05 11:21:20,345 INFO 
2023-09-05 11:21:20,345 INFO New log started
2023-09-05 11:21:20,345 INFO New log started
2023-09-05 11:23:04,553 INFO 
2023-09-05 11:23:04,553 INFO New log started
2023-09-05 11:23:05,287 INFO 
2023-09-05 11:23:05,287 INFO New log started
2023-09-05 11:23:05,319 INFO 
2023-09-05 11:23:05,319 INFO New log started
2023-09-05 11:27:26,668 INFO 
2023-09-05 11:27:26,669 INFO New log started
2023-09-05 11:27:27,425 INFO 
2023-09-05 11:27:27,425 INFO New log started
2023-09-05 11:27:27,425 INFO 
2023-09-05 11:27:27,425 INFO New log started
2023-09-05 11:28:48,365 INFO Create new sqlite file
2023-09-05 11:29:16,825 INFO 
2023-09-05 11:29:16,826 INFO New log started
2023-09-05 11:29:17,591 INFO 
2023-09-05 11:29:17,591 INFO New log started
2023-09-05 11:29:17,593 INFO 
2023-09-05 11:29:17,594 INFO New log started
2023-09-05 11:30:50,055 INFO Create new sqlite file
2023-09-05 11:31:05,168 INFO 
2023-09-05 11:31:05,168 INFO New log started
2023-09-05 11:31:06,087 INFO 
2023-09-05 11:31:06,087 INFO New log started
2023-09-05 11:31:06,103 INFO 
2023-09-05 11:31:06,104 INFO New log started
2023-09-05 11:33:42,126 INFO 
2023-09-05 11:33:42,127 INFO New log started
2023-09-05 11:33:42,848 INFO 
2023-09-05 11:33:42,848 INFO New log started
2023-09-05 11:33:42,872 INFO 
2023-09-05 11:33:42,873 INFO New log started
2023-09-05 11:36:30,250 INFO Create new sqlite file
2023-09-05 11:38:02,454 INFO 
2023-09-05 11:38:02,454 INFO New log started
2023-09-05 11:38:03,186 INFO 
2023-09-05 11:38:03,186 INFO New log started
2023-09-05 11:38:03,186 INFO 
2023-09-05 11:38:03,186 INFO New log started
2023-09-05 11:38:59,835 INFO 
2023-09-05 11:38:59,835 INFO New log started
2023-09-05 11:39:00,562 INFO 
2023-09-05 11:39:00,563 INFO New log started
2023-09-05 11:39:00,569 INFO 
2023-09-05 11:39:00,570 INFO New log started
2023-09-05 11:41:49,782 INFO 
2023-09-05 11:41:49,783 INFO New log started
2023-09-05 11:41:50,505 INFO 
2023-09-05 11:41:50,505 INFO 
2023-09-05 11:41:50,505 INFO New log started
2023-09-05 11:41:50,505 INFO New log started
2023-09-05 11:42:38,406 INFO Create new sqlite file
2023-09-05 11:43:33,830 INFO 
2023-09-05 11:43:33,831 INFO New log started
2023-09-05 11:43:34,564 INFO 
2023-09-05 11:43:34,564 INFO New log started
2023-09-05 11:43:34,584 INFO 
2023-09-05 11:43:34,585 INFO New log started
2023-09-05 12:47:14,121 INFO Create new sqlite file
2023-09-05 15:38:15,702 INFO 
2023-09-05 15:38:15,702 INFO New log started
2023-09-05 15:38:16,390 INFO 
2023-09-05 15:38:16,390 INFO New log started
2023-09-05 15:38:16,406 INFO 
2023-09-05 15:38:16,406 INFO New log started
2023-09-05 15:39:03,007 INFO Create new sqlite file
2023-09-06 09:30:23,430 INFO 
2023-09-06 09:30:23,461 INFO New log started
2023-09-06 09:30:24,410 INFO 
2023-09-06 09:30:24,411 INFO New log started
2023-09-06 09:30:24,450 INFO 
2023-09-06 09:30:24,451 INFO New log started
2023-09-06 09:36:06,968 INFO 
2023-09-06 09:36:06,969 INFO New log started
2023-09-06 09:36:07,657 INFO 
2023-09-06 09:36:07,658 INFO New log started
2023-09-06 09:36:07,663 INFO 
2023-09-06 09:36:07,664 INFO New log started
2023-09-06 09:39:31,131 INFO 
2023-09-06 09:39:31,132 INFO New log started
2023-09-06 09:39:31,842 INFO 
2023-09-06 09:39:31,843 INFO 
2023-09-06 09:39:31,843 INFO New log started
2023-09-06 09:39:31,844 INFO New log started
2023-09-06 09:42:45,806 INFO 
2023-09-06 09:42:45,807 INFO New log started
2023-09-06 09:42:46,501 INFO 
2023-09-06 09:42:46,502 INFO New log started
2023-09-06 09:42:46,505 INFO 
2023-09-06 09:42:46,505 INFO New log started
2023-09-06 09:43:46,654 INFO 
2023-09-06 09:43:46,654 INFO New log started
2023-09-06 09:43:47,367 INFO 
2023-09-06 09:43:47,367 INFO 
2023-09-06 09:43:47,367 INFO New log started
2023-09-06 09:43:47,368 INFO New log started
2023-09-06 09:49:04,370 INFO Create new sqlite file
2023-09-06 09:55:44,265 INFO 
2023-09-06 09:55:44,265 INFO New log started
2023-09-06 09:55:44,952 INFO 
2023-09-06 09:55:44,953 INFO New log started
2023-09-06 09:55:44,986 INFO 
2023-09-06 09:55:44,986 INFO New log started
2023-09-06 09:59:17,456 INFO 
2023-09-06 09:59:17,457 INFO New log started
2023-09-06 09:59:18,212 INFO 
2023-09-06 09:59:18,213 INFO New log started
2023-09-06 09:59:18,213 INFO 
2023-09-06 09:59:18,214 INFO New log started
2023-09-06 10:03:57,127 INFO 
2023-09-06 10:03:57,127 INFO New log started
2023-09-06 10:03:57,843 INFO 
2023-09-06 10:03:57,844 INFO New log started
2023-09-06 10:03:57,844 INFO 
2023-09-06 10:03:57,845 INFO New log started
2023-09-06 10:04:29,349 INFO Create new sqlite file
2023-09-06 10:23:35,018 INFO 
2023-09-06 10:23:35,018 INFO New log started
2023-09-06 10:23:35,701 INFO 
2023-09-06 10:23:35,702 INFO New log started
2023-09-06 10:23:35,707 INFO 
2023-09-06 10:23:35,708 INFO New log started
2023-09-06 10:24:25,478 INFO Create new sqlite file
2023-09-06 10:27:17,876 INFO 
2023-09-06 10:27:17,876 INFO New log started
2023-09-06 10:27:18,662 INFO 
2023-09-06 10:27:18,662 INFO New log started
2023-09-06 10:27:18,671 INFO 
2023-09-06 10:27:18,672 INFO New log started
2023-09-06 10:28:00,508 INFO Create new sqlite file
2023-09-06 11:02:19,050 INFO 
2023-09-06 11:02:19,051 INFO New log started
2023-09-06 11:02:19,745 INFO 
2023-09-06 11:02:19,746 INFO New log started
2023-09-06 11:02:19,755 INFO 
2023-09-06 11:02:19,756 INFO New log started
2023-09-06 11:43:41,897 INFO 
2023-09-06 11:43:41,898 INFO New log started
2023-09-06 11:43:42,601 INFO 
2023-09-06 11:43:42,602 INFO New log started
2023-09-06 11:43:42,605 INFO 
2023-09-06 11:43:42,606 INFO New log started
2023-09-06 11:44:01,882 INFO Create new sqlite file
2023-09-06 11:45:00,746 INFO Create new sqlite file
2023-09-06 11:46:01,675 INFO Create new sqlite file
2023-09-06 11:47:00,655 INFO Create new sqlite file
2023-09-06 11:48:01,652 INFO Create new sqlite file
2023-09-06 11:49:00,502 INFO Create new sqlite file
2023-09-06 11:50:00,933 INFO Create new sqlite file
2023-09-06 11:51:01,520 INFO Create new sqlite file
2023-09-06 11:52:01,945 INFO Create new sqlite file
2023-09-06 14:40:05,973 INFO 
2023-09-06 14:40:05,974 INFO New log started
2023-09-06 14:40:06,728 INFO 
2023-09-06 14:40:06,729 INFO New log started
2023-09-06 14:40:06,755 INFO 
2023-09-06 14:40:06,755 INFO New log started
2023-09-06 14:40:56,687 INFO 
2023-09-06 14:40:56,688 INFO New log started
2023-09-06 14:40:57,377 INFO 
2023-09-06 14:40:57,378 INFO New log started
2023-09-06 14:40:57,405 INFO 
2023-09-06 14:40:57,407 INFO New log started
2023-09-06 14:41:34,756 INFO Create spltable
